// Jest Snapshot v1, https://goo.gl/fbAQLP

exports[`Roster Component Matches snapshot 1`] = `
Object {
  "asFragment": [Function],
  "baseElement": <body>
    <div>
      <div
        class="css-o000xv-Roster"
      >
        <h2>
          Who's joining the fam today? 
          <span
            aria-label="family"
            role="img"
          >
            ðŸ‘ª
          </span>
        </h2>
        <div
          class="newHire"
        >
          <h3>
            Add a new hire!
          </h3>
          <form>
            <input
              aria-label="Name of New Hire"
              class="newHire-name css-mnh0sj-NewHire"
              name="name"
              placeholder="ex. Lynn"
              type="text"
              value=""
            />
            <button
              aria-label="Add New Hire"
              class="css-hlrf09-Button"
            >
              Add
            </button>
          </form>
        </div>
        <button
          aria-label="Reset Employees"
          class="css-hlrf09-Button"
        >
          Reset Employees
        </button>
        <div>
          Happy, Dopey, Grumpy, Sneezy, Lynn, Bashful
        </div>
      </div>
    </div>
  </body>,
  "container": <div>
    <div
      class="css-o000xv-Roster"
    >
      <h2>
        Who's joining the fam today? 
        <span
          aria-label="family"
          role="img"
        >
          ðŸ‘ª
        </span>
      </h2>
      <div
        class="newHire"
      >
        <h3>
          Add a new hire!
        </h3>
        <form>
          <input
            aria-label="Name of New Hire"
            class="newHire-name css-mnh0sj-NewHire"
            name="name"
            placeholder="ex. Lynn"
            type="text"
            value=""
          />
          <button
            aria-label="Add New Hire"
            class="css-hlrf09-Button"
          >
            Add
          </button>
        </form>
      </div>
      <button
        aria-label="Reset Employees"
        class="css-hlrf09-Button"
      >
        Reset Employees
      </button>
      <div>
        Happy, Dopey, Grumpy, Sneezy, Lynn, Bashful
      </div>
    </div>
  </div>,
  "debug": [Function],
  "findAllByAltText": [Function],
  "findAllByDisplayValue": [Function],
  "findAllByLabelText": [Function],
  "findAllByPlaceholderText": [Function],
  "findAllByRole": [Function],
  "findAllByTestId": [Function],
  "findAllByText": [Function],
  "findAllByTitle": [Function],
  "findByAltText": [Function],
  "findByDisplayValue": [Function],
  "findByLabelText": [Function],
  "findByPlaceholderText": [Function],
  "findByRole": [Function],
  "findByTestId": [Function],
  "findByText": [Function],
  "findByTitle": [Function],
  "getAllByAltText": [Function],
  "getAllByDisplayValue": [Function],
  "getAllByLabelText": [Function],
  "getAllByPlaceholderText": [Function],
  "getAllByRole": [Function],
  "getAllByTestId": [Function],
  "getAllByText": [Function],
  "getAllByTitle": [Function],
  "getByAltText": [Function],
  "getByDisplayValue": [Function],
  "getByLabelText": [Function],
  "getByPlaceholderText": [Function],
  "getByRole": [Function],
  "getByTestId": [Function],
  "getByText": [Function],
  "getByTitle": [Function],
  "queryAllByAltText": [Function],
  "queryAllByDisplayValue": [Function],
  "queryAllByLabelText": [Function],
  "queryAllByPlaceholderText": [Function],
  "queryAllByRole": [Function],
  "queryAllByTestId": [Function],
  "queryAllByText": [Function],
  "queryAllByTitle": [Function],
  "queryByAltText": [Function],
  "queryByDisplayValue": [Function],
  "queryByLabelText": [Function],
  "queryByPlaceholderText": [Function],
  "queryByRole": [Function],
  "queryByTestId": [Function],
  "queryByText": [Function],
  "queryByTitle": [Function],
  "rerender": [Function],
  "unmount": [Function],
}
`;
